dreamgames.com
api.dreamgames.com
cdn.dreamgames.com
helpshift.com
dreamgames.helpshift.com
trustpayments.com
securetrading.net
securetrading.com
stpayments.com
trustly.com
trustly.one
trustly.net
trustwallet.com
trustwalletapp.com
cardinalcommerce.com
arcot.com
config.tt.me
data.-telegram.org
airbrush.com
api.airbrush.com
auth.airbrush.com
app.airbrush.com
cdn.airbrush.com
lmarena.ai
lmsys.org
chat.lmsys.org
api.lmsys.org
gradio.app
gradio.live
huggingface.co
hf.space
hf-mirror.com
cdn-lfs.huggingface.co
worker-v2.live-video.net
replicate.com
replicate.delivery
ipleak.net
www.ipleak.net
ipv6leak.net
www.ipv6leak.net
browserleaks.com
www.browserleaks.com
stun.l.google.com
stun1.l.google.com
stun2.l.google.com
stun3.l.google.com
stun4.l.google.com
stun.services.mozilla.com
stun.stunprotocol.org
dnsleaktest.com
arena.ai
arena.site
arena.ru
2ip.io
cdn.youtube.com
fonts.googleapis.com
fonts.gstatic.com
ggpht.com
googleapis.com
googleusercontent.com
googlevideo.com
i.ytimg.com
i9.ytimg.com
jnn-pa.googleapis.com
kids.youtube.com
m.youtube.com
manifest.googlevideo.com
music.youtube.com
nhacmp3youtube.com
returnyoutubedislikeapi.com
s.ytimg.com
signaler-pa.youtube.com
studio.youtube.com
tv.youtube.com
wide-youtube.l.google.com
withyoutube.com
youtu.be
youtube.com
youtube.googleapis.com
youtubeeducation.com
youtubeembeddedplayer.googleapis.com
youtubefanfest.com
youtubegaming.com
youtubei.googleapis.com
youtubekids.com
youtubemobilesupport.com
youtube-nocookie.com
youtube-ui.l.google.com
yt.be
yt3.ggpht.com
yt3.googleusercontent.com
yt4.ggpht.com
ytimg.com
ytimg.l.google.com
yting.com
yt-video-upload.l.google.com
youtube.ae
youtube.al
youtube.am
youtube.at
youtube.az
youtube.ba
youtube.be
youtube.bg
youtube.bh
youtube.bo
youtube.by
youtube.ca
youtube.cat
youtube.ch
youtube.cl
youtube.co
youtube.co.ae
youtube.co.at
youtube.co.cr
youtube.co.hu
youtube.co.id
youtube.co.il
youtube.co.in
youtube.co.jp
youtube.co.ke
youtube.co.kr
youtube.co.ma
youtube.co.nz
youtube.co.th
youtube.co.tz
youtube.co.ug
youtube.co.uk
youtube.co.ve
youtube.co.za
youtube.co.zw
youtube.com.ar
youtube.com.au
youtube.com.az
youtube.com.bd
youtube.com.bh
youtube.com.bo
youtube.com.br
youtube.com.by
youtube.com.co
youtube.com.do
youtube.com.ec
youtube.com.ee
youtube.com.eg
youtube.com.es
youtube.com.gh
youtube.com.gr
youtube.com.gt
youtube.com.hk
youtube.com.hn
youtube.com.hr
youtube.com.jm
youtube.com.jo
youtube.com.kw
youtube.com.lb
youtube.com.lv
youtube.com.ly
youtube.com.mk
youtube.com.mt
youtube.com.mx
youtube.com.my
youtube.com.ng
youtube.com.ni
youtube.com.om
youtube.com.pa
youtube.com.pe
youtube.com.ph
youtube.com.pk
youtube.com.pt
youtube.com.py
youtube.com.qa
youtube.com.ro
youtube.com.sa
youtube.com.sg
youtube.com.sv
youtube.com.tn
youtube.com.tr
youtube.com.tw
youtube.com.ua
youtube.com.uy
youtube.com.ve
youtube.cr
youtube.cz
youtube.de
youtube.dk
youtube.ee
youtube.es
youtube.fi
youtube.fr
youtube.ge
youtube.gr
youtube.gt
youtube.hk
youtube.hr
youtube.hu
youtube.ie
youtube.in
youtube.iq
youtube.is
youtube.it
youtube.jo
youtube.jp
youtube.kr
youtube.kz
youtube.la
youtube.lk
youtube.lt
youtube.lu
youtube.lv
youtube.ly
youtube.ma
youtube.md
youtube.me
youtube.mk
youtube.mn
youtube.mx
youtube.my
youtube.ng
youtube.ni
youtube.nl
youtube.no
youtube.pa
youtube.pe
youtube.ph
youtube.pk
youtube.pl
youtube.pr
youtube.pt
youtube.qa
youtube.ro
youtube.rs
youtube.ru
youtube.sa
youtube.se
youtube.sg
youtube.si
youtube.sk
youtube.sn
youtube.soy
youtube.sv
youtube.tn
youtube.tv
youtube.ua
youtube.ug
youtube.uy
youtube.vn
youtubego.co.id
youtubego.co.in
youtubego.com
youtubego.com.br
youtubego.id
youtubego.in
