1018213540.rsc.cdn77.org
101xp.com
163.com
1917live.red
1cfresh.com
24h.tv
2gis.ae
2gis.am
2gis.az
2gis.com
2gis.com.cy
2gis.cz
2gis.ge
2gis.kg
2gis.kz
2gis.qa
2gis.tech
2gis.tj
2gis.uz
2ip.io
3ebra.net
4epenaxa.com
4game.com
4shared.com
5post.market
7-zip.org
accesspoint.uz
acer.com
acmvid.com
actualidad-rt.com
adsadvisor.io
adygtelecom.com
aeroflot.com
ahilesva.info
ajax.googleapis.com
albiononline.com
alefbank.com
alfa.me
alfabank.ru
alfabank.st
algoritmika.org
alicdn.com
aliexpress.com
alipay.com
aliyuncs.com
almalinux.org
alpinelinux.org
altlinux.org
amd.com
antiphishing.nl
aodahl.com
apache.org
appldnld.apple.com
apple.com
apptrackpets.com
archlinux.org
arenabreakoutinfinite.com
arknights.global
armgs.team
artel.watch
arteldoc.com
arteldoc.tv
asiangooglenetwork.com
asrock.com
asus.com
atomyze.tech
attachmy.com
audacityteam.org
autoru.me
avast.com
avg.com
aviasales.com
avito.st
avito.tech
avs.io
avtodor-tr.ru
axlebolt.com
b2c-ticket-sentry.onelya.ru
baidu.com
baltnews.com
baltnews.lt
bank131.com
baranky.com
bargipsy.com
battlestate.com
beeline.tv
beget.com
best2pay.net
bh3.com
bi.zone
bilibili.com
bitrix.info
bitrix24.com
bizmrg.com
bk6bba-resources.com
bkvet.ru
blender.org
book1917.live
boosty.to
botmechanic.io
box.com
brave.com
bronevik.com
browserleaks.com
by
cabconnect.org
callbackkiller.com
canonical.com
carrot-mail.io
carrotquest-mail.io
carrotquest.app
carrotquest.io
carrottrack.app
cbkiller.com
cdek.global
cdek.shopping
cdn-vk.net
cdnvideohub.com
centos.org
cert-gib.com
championat.com
checkip.amazonaws.com
checkip.dyndns.org
checkip.synology.com
chipcore.com
chizhik.club
chromium.org
cian.site
cian.tech
ciciq.net
cloudru.cn
clstorage.net
cm.expert
cognosphere.com
comss.club
comss.info
comss.me
comss.net
comss.news
comss.one
comss.online
comss.org
copymonkey.app
corp.express
counter-strike.net
counter.yadro.ru
cpuid.com
crates.io
crossout.net
crystalmark.info
cups.online
cybercrimecon.com
cygwin.com
dahlmessenger.com
dashly.app
dashly.help
dashly.io
dashly.me
dashlytrack.app
datacloudmy.com
db-ip.com
dbo-dengi.online
ddos-guard.net
de-rt.com
de-rt.org
de-rtnews.com
de-rtnews.net
debian.org
dert.online
dert.site
dert.tech
dev-my.com
dev-my.games
dl.delivery.mp.microsoft.com
dl.google.com
dlcdnets.asus.com
dnsleaktest.com
dodois.com
dodois.io
dodopizza.com
dodostatic.net
domains.google.com
donationalerts.com
dota2.com
driveawaytaxi.org
drobbox.pro
dropbox.com
drweb-av.de
drweb-av.es
drweb-av.it
drweb-av.pl
drweb.cn
drweb.co.jp
drweb.com
drweb.fr
drweb.kz
drweb.uz
durovscode.com
dzen.ru
dzvr.ru
eadaily.com
eadaily.info
eadaily.net
eadaily.org
eaptechka.online
eclipse.org
edadeal.io
edna.io
edu22.info
eldorado.tech
eligens.cl
eligens.com.br
eligens.io
emex.ru
emias.info
enlisted.net
envybox.company
envybox.family
envybox.io
envybox.kg
envycdp.com
envycrm.com
epicevents.gg
es-rt.com
escapefromtarkov.com
esforce.com
esrt.online
esrt.press
esrt.site
esrt.space
esrt.tech
esrt.website
eth0.me
etna.ai
evrasia.rest
ewisdom.us.kg
express.ms
f6.dev
f6.security
facct.email
facepunch.com
factorio.com
fairplay-proxy.ott.yandex.ru
ffmpeg.org
files.pythonhosted.org
filezilla-project.org
fix-price.com
flocktory.com
flomni.com
flowwow-images.com
flowwow.com
fon.bet
fon.promo
fonts.googleapis.com
fonts.gstatic.com
foto-planeta.com
freeassange.tech
freebsd.org
freede.tech
freedert.online
freeipapi.com
frp.pandora361.online
funpay.com
g-ib.ae
g-ib.sg
g-ib.us
gaijin.net
gaijinent.com
garena.com
gazetarussa.com.br
gazprom.com
gazprombank.com
gazprombank.investments
gazprombank.tech
gcdn.co
gcore.lu
geforce.com
genetic-technologies.am
genotek.am
genotek.es
genotek.eu
genotek.health
gentoo.org
geojs.io
gerwin.io
getcourse.io
getsynapse.io
gib-global.com
gib.sg
gibdev.net
giga.chat
gigabyte.com
gimp.org
gismeteo.com
gismeteo.net
gismeteo.st
git-scm.com
gnu.org
go.dev
gog.com
gogettaxi.org
goicq.org
gorzdrav.org
gorzdrav.spb.ru
gosuslugi.ru
goup.ai
gov.ru
gramotei.online
graphql.kinopoisk.ru
green-box-tv.com
greywallpass.com
group-ib.ae
group-ib.co.uk
group-ib.com
group-ib.de
group-ib.eu
group-ib.sg
group-ib.us
groupib.ae
groupib.sg
groupib.us
gstatic.com
gtarcade.com
gu-st.ru
gw2ru.com
haicomdc.com
half-life.com
handbrake.fr
hayya.ae
heytapdownload.com
heytapmobi.com
hh.kg
hh.kz
hh.uz
hihonor.com
honkaiimpact3.com
honor.com
hoyolab.com
hoyoplay.com
hoyoverse.com
hp.com
httpbin.org
huawei.com
hva.im
hwinfo.com
icanhazip.com
icq-download.com
icq-mobile.com
icq-online.com
icq-phone.com
icq-phone.org
icq.asia
icq.at
icq.biz
icq.com
icq.de
icq.eu
icq.fr
icq.im
icq.lt
icq.mobi
icq.org
icq.sg
icq2mobile.com
icq5.com
icqanywhere.com
icqbrasil.com
icqbrazil.com
icqchat.com
icqflirting.com
icqgame.com
icqgames.com
icqkids.com
icqmail.com
icqmail.net
icqonline.com
icqpassword.com
icqpeople.com
icqservers.com
icqservice.com
icqsupportteam.com
icqsystem.com
icqsystems.com
icqtoday.com
icqtutor.com
icqvideo.com
ideco.dev
ident.me
ifconfig.co
ifconfig.io
ifconfig.me
igg.com
infinixmobility.com
inkscape.org
innersloth.com
interfax.com
investalfabank.com
ip-api.com
ip-lookup.net
ip.guide
ip.me
ip.sb
ip.taobao.com
ip2location.com
ip4.me
ip6.me
ipaddress.my
ipapi.co
ipapi.is
ipbase.com
ipchicken.com
ipconfig.io
ipdata.co
ipecho.net
ipgeolocation.io
ipify.org
ipinfo.io
ipleak.net
iplocation.net
ipregistry.co
ipstack.com
ipv6-test.com
ipwho.is
ipwhois.app
it-territory.com
ivi.ru
ivicdn.tv
ixbt.com
ixbt.games
ixbt.market
ixbt.media
ixbt.pro
ixbt.shop
ixbt.site
ixbt.video
jd.com
jenkins.io
jinrieluosi.cn
jivo.chat
jivochat.co.in
jivochat.co.za
jivochat.com
jivochat.com.br
jivochat.com.co
jivochat.com.pe
jivochat.com.tr
jivochat.de
jivochat.es
jivochat.ng
jivosite.com
jump.taxi
justveryok.com
kali.org
kaspersky-labs.com
kaspersky.be
kaspersky.ca
kaspersky.co.in
kaspersky.co.jp
kaspersky.co.kr
kaspersky.co.th
kaspersky.co.uk
kaspersky.co.za
kaspersky.com
kaspersky.com.au
kaspersky.com.br
kaspersky.com.cn
kaspersky.com.hk
kaspersky.com.pl
kaspersky.com.tr
kaspersky.com.tw
kaspersky.com.vn
kaspersky.cz
kaspersky.de
kaspersky.dk
kaspersky.dz
kaspersky.es
kaspersky.fi
kaspersky.fr
kaspersky.gr
kaspersky.it
kaspersky.kz
kaspersky.ma
kaspersky.my
kaspersky.nl
kaspersky.pt
kaspersky.ro
kaspersky.rs
kaspersky.se
kasperskycontenthub.com
kernel.org
keyboardmen.com
khangar.net
kinescopecdn.net
king.com
kinopoisk.ru
kinorium.com
kion.ru
knightspeak.com
kontur-inc.com
kontur.host
korona.com
koshelek.app
krafton.com
krita.org
ktech.team
kurogame.com
kurogames.com
lemanapro.ru
lenovo.com
lenta.com
lenta.tech
leroymerlin.ru
lesta.games
lesta.ru
libreoffice.org
lilithgames.com
linuxmint.com
litres.com
lmru.tech
logitech.com
lovina.app
lukoil.com
magnit.com
mail-carrotquest.io
mail.ru
mailicq.org
mcc250.pub.3gppnetwork.org
mcs.st
mediafire.com
medsi.com
medsi.pro
megafon.com
megamarket.tech
mel.fm
memealerts.com
mesu.apple.com
meteofor.com
meteofor.st
meteum.ai
mfa.center
mi.com
mifile.cn
mihoyo.com
mindbox.cloud
mindbox.group
mindbox.site
mindbox.so
miniclip.com
mir24.tv
mirabilis.com
mirandaicq.com
miui.com
mobile-bb.com
mobile-icq.com
mobileapp.russianpost.ru
mobileicq.com
mobilelegends.com
moex.com
moonton.com
more.tv
mos.ru
moscow
mosenergosbyt.ru
mosmetro.tech
mosreg.ru
motorola.com
movika.com
mozilla.net
mozilla.org
mp.world
mpgw-my.com
mradx.net
msftconnecttest.com
msftncsi.com
msi.com
msys2.org
mts-ws.net
mundfish.com
mvideo.edna.io
mvk.com
my-manager-account.com
my.com
my.games
myadx.net
mybook.io
mycdn.me
myip.com
myip.wtf
myoffice.team
mytona.com
mytopf.com
mytrk.link
nalog.ru
naydex.net
nekki.com
neon.click
netcraze.club
netcraze.link
netcraze.pro
netease.com
netmonet.co
netschool.website
ngenix.net
nlmk.com
nothing.tech
noticias-rt.com
notimundo.press
npmjs.com
npmjs.org
nuget.org
obsproject.com
odnoklassniki.am
odnoklassniki.co.ee
odnoklassniki.eu
odnoklassniki.lv
odnoklassniki.tj
odnoklassniki.uz
ognihome.com
ok.me
ok.ru
okko.sport
okko.tv
okkoapi.tv
okl.lt
okolo.app
oneplus.com
opennet.dev
opensuse.org
opera.com
operacdn.com
oppo.com
oppomobile.com
oskelly.co
ospserver.net
ostin.com
ozon.app
ozon.com
ozon.com.kz
ozon.dev
ozon.express
ozon.global
ozon.kz
ozon.li
ozon.market
ozon.ru
ozon.tech
ozon.tm
ozon.travel
ozon.uz
ozoncamp.pro
ozonglobalevents.com
ozonru.co.il
ozonru.com
ozonru.eu
ozonru.me
ozonusercontent.com
packagist.org
paywb.com
pcloud.com
perekrestok.com
pesc.ru
phosagro.com
pixonic.com
playdeadlock.com
playrix.com
pobeda.page
pochta.ru
pochta.tech
polza.ai
popmechanic.io
poudobnee.com
ppy.sh
premier.one
premiumlive.site
prod-my.games
prodcontest.com
promodj.com
proxy.golang.org
ptsecurity.com
pubg.com
pubgmobile.com
public.express
pushgrow.io
pvubank.com
pyrus.com
python.org
pz.help
qbittorrent.org
qq.com
qrator.net
rabbitcounter.com
randomgodbot.com
rarlab.com
raspberrypi.com
raspberrypi.org
rbsgate.com
rbsuat.com
rbth.com
realme.com
reaviz.com
reg.cloud
reg.com
ren.tv
repo1.maven.org
reso-med.com
reso.ru
restream-media.net
retailrocket.net
robokassa.com
robotext.io
rockylinux.org
roistat.com
romanovs100.com
rosbank-credit.com
rosneft.com
rossiya-airlines.com
rossiyasegodnya.com
rostaxi.org
rt-school.online
rt.com
rt.rs
rtarabic.com
rtarabic.net
rtarabic.org
rtbrasil.com
rtbrasil.info
rtde.agency
rtde.expert
rtde.express
rtde.info
rtde.life
rtde.live
rtde.me
rtde.media
rtde.online
rtde.org
rtde.press
rtde.site
rtde.team
rtde.tech
rtde.website
rtde.world
rtde.xyz
rtdefree.info
rtdefree.me
rtdefree.online
rtdefree.tech
rtdoc.tv
rtdocumentary.online
rteam.dev
rteam.tech
rtenafrique.tv
rtenfrancais.tv
rtenfrance.tv
rtespanol.com
rtfrance.tv
rtnewsde.com
rtnewsde.online
rtnewsde.pro
rtnewsde.site
rtnewsde.tech
rtnewsru.com
rtrunews.com
rttv.com
ru
ru.ccb.com
ru.com
ru.net
rubygems.org
rugpt.io
ruhub.tv
runewsrt.com
ruptly.agency
ruptly.tv
ruptly.video
rurtnews.com
rusal.com
russiabeyond.com
russiaislove.com
russiatoday.com
russiatoday.net
russiatoday.tv
russieactuelle.fr
rustore.team
rustore.tv
rutube.ru
rutube.sport
ruvds.com
rwbautomation.tech
rzd-bonus.ru
rzd.ru
saas-support.com
safeliner.tech
sage-observability.tech
samokat.tech
samsung.com
samsungapps.com
sayeasy.eu
sber.pro
sberauto.com
sberbank-tele.com
sberbank.com
sberbank.ru
sbercloud.tech
seclab.lat
securelist.com
selcdn.net
selectel.academy
selectel.blog
selectel.com
selectel.dev
selectel.info
selectel.io
selectel.live
servercore.com
servercore.live
servicepipe.tech
severstal.com
sfunpay.com
shedevrum.ai
shop-rt.com
showip.net
showmyip.com
sibur.com
sistema-capital.com
skbx.pro
skillbox.pro
sky.pro
slavicstar.com
slc.tl
smailru.net
smartmed.pro
smotreshka.tv
smotrim.ru
sn-esp.site
sokolov.io
sourcecraft.dev
sourceforge.net
spasibo.digital
spasibo.market
speed.cloudflare.com
sputnikglobe.com
sputnikimages.com
sputnikmediabank.com
sputniknews.com
srv-hub.org
standoff2.com
standoff365.com
start.ru
static-storage.net
static.crates.io
staticmy.com
steam-chat.com
steamcdn-a.akamaihd.net
steamcommunity-a.akamaihd.net
steamcommunity.com
steamcontent.com
steamdeck.com
steamgames.com
steampowered.com
steamserver.net
steamstatic.com
steamusercontent.com
stepik.org
stormwall.pro
su
sub-routers.pandora361.online
sublimetext.com
suip.biz
support-uber.com
swcdn.apple.com
swentr.site
sys.refocus.ru
t-finance.group
t-tech.dev
t-tech.team
t.finance
t1.cloud
tak-pravilno.com
tamtam.chat
tanki.su
taobao.com
tarantool.io
targetads.io
tarisland.com
tass.com
tatar
taxiaid.org
taxiguru.org
taxitax.org
taxsee.com
tbank-online.com
tbank.ru
teamfortress.com
tecno-mobile.com
tehnodom.com
telega.info
telega.me
terraria.org
test-ipv6.com
tilda.cc
tilda.ws
tildaapi.com
tildacdn.com
tildacdn.net
timeweb.cloud
timeweb.com
tinkoff-group.com
tinkoff.ai
tinkoffmobile.com
tips.tips
titanvps.click
titanvps.su
tmall.com
tochka-tech.com
tochka.com
tok.media
tokenator.top
transmissionbt.com
trbcdn.net
turbopages.org
tvoyodbo.online
twitch.tv
ubs.com
ubuntu.com
ucoz.ae
ucoz.club
ucoz.co
ucoz.co.il
ucoz.co.uk
ucoz.com
ucoz.com.br
ucoz.com.ro
ucoz.de
ucoz.es
ucoz.fr
ucoz.hu
ucoz.kz
ucoz.lv
ucoz.md
ucoz.net
ucoz.org
ucoz.pl
ucoz.site
ucozmail.com
ucozmedia.com
ucoztemplates.com
ukit.ai
ukit.com
ukit.group
ukit.me
uma.media
umschool.net
underlords.com
uni.rest
unidraw.io
unirest.tech
unisender.com
unity.com
unity3d.com
update.microsoft.com
userapi.com
usocial.pro
valve.net
valvesoftware.com
ventoy.net
vgtrk.com
videolan.org
vimeo.com
vimu.tv
viqeo.tv
viqeotv.com
virtualbox.org
vivaldi.com
vivo.com
vivoglobal.com
vk-apps.com
vk-cdn.me
vk-cdn.net
vk-portal.net
vk.cc
vk.com
vk.company
vk.design
vk.kz
vk.link
vk.me
vk.team
vk.uz
vkcache.com
vkcdnservice.com
vkclips.app
vkcloud-static.kz
vkcloud.kz
vkcs.cloud
vkgo.app
vklive.app
vkmessenger.app
vkmessenger.com
vkontakte.com
vkpay.app
vkpay.com
vkpay.io
vkplay.live
vkuser.net
vkuseraudio.com
vkuseraudio.net
vkuserlive.com
vkuserlive.net
vkuservideo.com
vkuservideo.net
vkvideo.ru
vkworkspace.kz
vmailru.net
vmall.com
volganet.net
vscale.blog
vscale.io
vshark.ttk.ru
vtb-direct.com
vtb.ru
vtbglobalperspectives.com
warehouse.domains
warface.com
wargaming.net
warthunder.com
watchingthehawks.com
wb.am
wb.kg
wb.kz
wb.uz
wbautomation.tech
wbcontent.net
wbstatic.net
wbwh.tech
webvisor.com
webvisor.org
whatismyip.akamai.com
whatismyip.com
whatismyipaddress.com
whitesaas.com
whoer.net
whois.pconline.com.cn
whoosh.bike
wibes.com
widevine-proxy.ott.yandex.ru
wildberries.am
wildberries.co.il
wildberries.es
wildberries.eu
wildberries.ge
wildberries.kg
wildberries.kz
wildberries.lt
wildberries.pl
wildberries.tj
wildberries.tm
wildberries.uz
windowsupdate.com
wink.am
wink.ru
winscp.net
worldcuprussia.com
worldoftanks.com
worldofwarplanes.com
worldofwarships.com
wotblitz.com
wtfismyip.com
x5.ai
x5.com
x5.digital
x5.group
x5.media
x5.team
x5.tech
x5static.net
xiaomi.com
xiaomi.net
xlnk.ms
xn-----6kc7adj0c9esa.com
xn----7sbaba0dc6cdn7cxcj.com
xn----7sbabae2a0bnvtsfr4loc.com
xn----7sbbab6bregnh7b8if5b.com
xn----7sbbamm1bv2bh7i.com
xn----8sbaroledu6bi7j.com
xn----8sbeoy5bze.com
xn--80adxhks
xn--80aqcf7a6do.com
xn--80asehdb
xn--80aswg
xn--90ab.com
xn--90aifd0az.shop
xn--90aifd0aza.site
xn--90aijkdmaud0d.xn--p1ai
xn--b1aechhj6bof8g5a.site
xn--c1avg
xn--d1abkf4ap.fun
xn--d1acj3b
xn--e1adjldbbpv.xn--90ais
xn--h1ao.site
xn--p1acf
xn--p1ai
ya.cc
yads.tech
yandex
yandex-bank.net
yandex.aero
yandex.asia
yandex.az
yandex.cloud
yandex.co.il
yandex.com
yandex.com.am
yandex.com.ge
yandex.com.tr
yandex.de
yandex.ee
yandex.eu
yandex.fi
yandex.fr
yandex.it
yandex.jobs
yandex.kg
yandex.kz
yandex.lt
yandex.lv
yandex.md
yandex.mobi
yandex.net
yandex.org
yandex.pl
yandex.st
yandex.sx
yandex.tj
yandex.tm
yandex.tr
yandex.uz
yandexadexchange.net
yandexcloud.net
yandexcom.net
yandexgo.com
yandexmetrica.com
yandexwebcache.net
yandexwebcache.org
yango-ads.com
yango-b2b.com
yango-team.com
yango-tech.com
yango.africa
yango.ao
yango.bh
yango.co.il
yango.com
yango.fi
yango.qa
yango.taxi
yango.tech
yangofellowship.com
yaplakal.com
yastat.net
yastatic.net
yclients.com
yndx.net
yostar.com
youla.io
yourgood.app
yuanshen.com
zaycev.net
zenlesszonezero.com
zeptolab.com
zvuk-b2b.com
zvuk.com
