aistudio.google.com
anthropic.com
atlassian.com
atlassian.net
booking.com
canva.com
cdninstagram.com
chatgpt.com
claude.ai
coursera.org
discord.com
discord.gg
discord.media
discordapp.com
discordapp.net
disneyplus.com
docker.com
docker.io
facebook.com
facebook.net
fb.com
fb.gg
fbcdn.net
figma.com
fragment.com
gemini.google.com
ggpht.com
ghcr.io
git.io
github.com
github.dev
github.io
githubassets.com
githubusercontent.com
gitlab.com
googlevideo.com
grok.com
hashicorp.com
hf.co
huggingface.co
instagram.com
jetbrains.com
jnn-pa.googleapis.com
jtvnw.net
licdn.com
linkedin.com
m.me
max.com
messenger.com
meta.com
midjourney.com
mistral.ai
netflix.com
nezha.mgsm163.ru
nflxext.com
nflximg.net
nflxvideo.net
notion.com
notion.so
oaistatic.com
oaiusercontent.com
openai.com
patreon.com
patreonusercontent.com
paypal.com
perplexity.ai
primevideo.com
redd.it
reddit.com
redditmedia.com
redditstatic.com
remna-vpn.pandora361.online
scdn.co
signal.org
slack.com
sndcdn.com
soundcloud.com
spotify.com
spotifycdn.com
t.co
t.me
tdesktop.com
telegra.ph
telegram.dog
telegram.me
telegram.org
telesco.pe
threads.com
threads.net
tiktok.com
tiktokcdn.com
tiktokv.com
titanvps.su
ttvnw.net
twimg.com
twitch.tv
twitter.com
udemy.com
upwork.com
whatsapp.com
whatsapp.net
withyoutube.com
x.ai
x.com
youtu.be
youtube-nocookie.com
youtube.com
youtubei.googleapis.com
youtubekids.com
ytimg.com
zoom.us
