trustwallet.com
trustwalletapp.com
api.trustwallet.com
assets.trustwallet.com
wallet.trustwallet.com
api.trustwalletapp.com
api.wallet.trustwallet.com
metrics.trustwallet.com
rpc.trustwallet.com
starlight.trustwallet.com
statics.trustwallet.com
tokens.trustwallet.com
tron.blockbook.chains.trustwallet.com
status.trustwallet.com
link.trustwallet.com
tron.twnodes.com
ga.twnodes.com
gateway.us.trustwallet.com
assistant.trustwallet.com
platform.trustwallet.com
trongrid.io
api.trongrid.io
grpc.trongrid.io
nile.trongrid.io
broadcast.trongrid.io
event.trongrid.io
super.trongrid.io
fullnode.trongrid.io
api.shasta.trongrid.io
ehpb.nile.trongrid.io
tron.network
api.tron.network
tronscan.org
api.tronscan.org
apilist.tronscan.org
api.tronstack.io
tronstack.io
tronlink.org
sun.tronlink.org
trx.tokenview.io
api.tronex.io
tronexapi.com
