101xp.com
163.com
1cfresh.com
2gis.qa
2ip.io
4game.com
4shared.com
7-zip.org
acer.com
acmvid.com
aeroflot.com
ajax.googleapis.com
albiononline.com
alicdn.com
aliexpress.com
alipay.com
aliyuncs.com
almalinux.org
alpinelinux.org
altlinux.org
amd.com
apache.org
appldnld.apple.com
apple.com
archlinux.org
arenabreakoutinfinite.com
arknights.global
asrock.com
asus.com
audacityteam.org
avast.com
avg.com
avito.tech
axlebolt.com
baidu.com
battlestate.com
bh3.com
bi.zone
bilibili.com
bitrix24.com
blender.org
box.com
brave.com
bronevik.com
browserleaks.com
canonical.com
cdek.global
centos.org
championat.com
checkip.amazonaws.com
checkip.dyndns.org
checkip.synology.com
chromium.org
cian.tech
cognosphere.com
counter-strike.net
cpuid.com
crates.io
crossout.net
crystalmark.info
cygwin.com
db-ip.com
ddos-guard.net
debian.org
dl.delivery.mp.microsoft.com
dl.google.com
dlcdnets.asus.com
dnsleaktest.com
domains.google.com
dota2.com
dropbox.com
eclipse.org
edadeal.io
edna.io
edu22.info
eldorado.tech
enlisted.net
escapefromtarkov.com
eth0.me
facepunch.com
factorio.com
ffmpeg.org
files.pythonhosted.org
filezilla-project.org
fonts.googleapis.com
fonts.gstatic.com
freebsd.org
freeipapi.com
frp.pandora361.online
gaijin.net
gaijinent.com
garena.com
gazprom.com
gazprombank.tech
gcdn.co
gcore.lu
geforce.com
gentoo.org
geojs.io
getcourse.io
gigabyte.com
gimp.org
git-scm.com
gnu.org
go.dev
gog.com
gstatic.com
gtarcade.com
half-life.com
handbrake.fr
heytapdownload.com
heytapmobi.com
hh.kg
hh.uz
hihonor.com
honkaiimpact3.com
honor.com
hoyolab.com
hoyoplay.com
hoyoverse.com
hp.com
httpbin.org
huawei.com
hwinfo.com
icanhazip.com
ident.me
ifconfig.co
ifconfig.io
ifconfig.me
igg.com
infinixmobility.com
inkscape.org
innersloth.com
interfax.com
investalfabank.com
ip-api.com
ip-lookup.net
ip.guide
ip.me
ip.sb
ip.taobao.com
ip2location.com
ip4.me
ip6.me
ipaddress.my
ipapi.co
ipapi.is
ipbase.com
ipchicken.com
ipconfig.io
ipdata.co
ipecho.net
ipgeolocation.io
ipify.org
ipinfo.io
ipleak.net
iplocation.net
ipregistry.co
ipstack.com
ipv6-test.com
ipwho.is
ipwhois.app
jd.com
jenkins.io
kali.org
kasperskycontenthub.com
kernel.org
king.com
krafton.com
krita.org
kurogame.com
kurogames.com
lenovo.com
lesta.games
libreoffice.org
lilithgames.com
linuxmint.com
litres.com
lmru.tech
logitech.com
lukoil.com
mediafire.com
mesu.apple.com
mi.com
mifile.cn
mihoyo.com
miniclip.com
mir24.tv
miui.com
mobilelegends.com
moonton.com
motorola.com
mozilla.net
mozilla.org
msftconnecttest.com
msftncsi.com
msi.com
msys2.org
mundfish.com
mvideo.edna.io
mybook.io
myip.com
myip.wtf
mytona.com
nekki.com
netease.com
netschool.website
nlmk.com
nothing.tech
npmjs.com
npmjs.org
nuget.org
obsproject.com
odnoklassniki.uz
oneplus.com
opennet.dev
opensuse.org
opera.com
operacdn.com
oppo.com
oppomobile.com
ospserver.net
ozon.uz
packagist.org
pcloud.com
phosagro.com
playdeadlock.com
playrix.com
pochta.tech
ppy.sh
proxy.golang.org
pubg.com
pubgmobile.com
pyrus.com
python.org
qbittorrent.org
qq.com
qrator.net
rarlab.com
raspberrypi.com
raspberrypi.org
realme.com
ren.tv
repo1.maven.org
retailrocket.net
robokassa.com
rockylinux.org
rosneft.com
rossiya-airlines.com
rubygems.org
rusal.com
ruvds.com
samokat.tech
samsung.com
samsungapps.com
securelist.com
severstal.com
showmyip.com
sibur.com
sourceforge.net
speed.cloudflare.com
standoff2.com
static.crates.io
steam-chat.com
steamcdn-a.akamaihd.net
steamcommunity-a.akamaihd.net
steamcommunity.com
steamcontent.com
steamdeck.com
steamgames.com
steampowered.com
steamserver.net
steamstatic.com
steamusercontent.com
stepik.org
stormwall.pro
sub-routers.pandora361.online
sublimetext.com
suip.biz
swcdn.apple.com
taobao.com
tarisland.com
tass.com
teamfortress.com
tecno-mobile.com
terraria.org
test-ipv6.com
titanvps.click
tmall.com
transmissionbt.com
twitch.tv
ubuntu.com
underlords.com
unisender.com
unity.com
unity3d.com
update.microsoft.com
valve.net
valvesoftware.com
ventoy.net
vgtrk.com
videolan.org
vimeo.com
virtualbox.org
vivaldi.com
vivo.com
vivoglobal.com
vk.uz
vmall.com
volganet.net
warface.com
wargaming.net
warthunder.com
wb.uz
whatismyip.akamai.com
whatismyip.com
whatismyipaddress.com
whoer.net
whois.pconline.com.cn
wildberries.pl
windowsupdate.com
winscp.net
worldoftanks.com
worldofwarplanes.com
worldofwarships.com
wotblitz.com
wtfismyip.com
xiaomi.com
xiaomi.net
xn--90aifd0aza.site
yaplakal.com
yostar.com
yuanshen.com
zaycev.net
zenlesszonezero.com
zeptolab.com
