autoru.me
edadeal.io
meteum.ai
naydex.net
shedevrum.ai
sourcecraft.dev
turbopages.org
webvisor.com
webvisor.org
ya.cc
yads.tech
yandex-bank.net
yandex.aero
yandex.asia
yandex.az
yandex.cloud
yandex.co.il
yandex.com
yandex.com.am
yandex.com.ge
yandex.com.tr
yandex.de
yandex.ee
yandex.eu
yandex.fi
yandex.fr
yandex.it
yandex.jobs
yandex.kg
yandex.kz
yandex.lt
yandex.lv
yandex.md
yandex.mobi
yandex.net
yandex.org
yandex.pl
yandex.st
yandex.sx
yandex.tj
yandex.tm
yandex.tr
yandex.uz
yandexadexchange.net
yandexcloud.net
yandexcom.net
yandexgo.com
yandexmetrica.com
yandexwebcache.net
yandexwebcache.org
yango-ads.com
yango-b2b.com
yango-team.com
yango-tech.com
yango.africa
yango.ao
yango.bh
yango.co.il
yango.com
yango.fi
yango.qa
yango.taxi
yango.tech
yangofellowship.com
yastat.net
yastatic.net
yndx.net
