cdn-vk.net
dev-my.com
goicq.org
icq-download.com
icq-mobile.com
icq-online.com
icq-phone.com
icq-phone.org
icq.asia
icq.at
icq.biz
icq.com
icq.de
icq.eu
icq.fr
icq.im
icq.lt
icq.mobi
icq.org
icq.sg
icq2mobile.com
icq5.com
icqanywhere.com
icqbrasil.com
icqbrazil.com
icqchat.com
icqflirting.com
icqgame.com
icqgames.com
icqkids.com
icqmail.com
icqmail.net
icqonline.com
icqpassword.com
icqpeople.com
icqservers.com
icqservice.com
icqsupportteam.com
icqsystem.com
icqsystems.com
icqtoday.com
icqtutor.com
icqvideo.com
mailicq.org
mcs.st
mirabilis.com
mirandaicq.com
mobile-bb.com
mobile-icq.com
mobileicq.com
mpgw-my.com
mradx.net
mvk.com
my-manager-account.com
my.com
myadx.net
mycdn.me
mytopf.com
odnoklasniki.ua
odnoklassniki.am
odnoklassniki.co.ee
odnoklassniki.eu
odnoklassniki.lv
odnoklassniki.tj
odnoklassniki.uz
ok.me
okl.lt
smailru.net
staticmy.com
userapi.com
vk-apps.com
vk-cdn.me
vk-cdn.net
vk-portal.net
vk.cc
vk.com
vk.company
vk.design
vk.kz
vk.link
vk.me
vk.team
vk.uz
vkcache.com
vkcdnservice.com
vkclips.app
vkcloud-static.kz
vkcloud.kz
vkcs.cloud
vkgo.app
vklive.app
vkmessenger.app
vkmessenger.com
vkontakte.com
vkpay.app
vkpay.com
vkpay.io
vkuser.net
vkuseraudio.com
vkuseraudio.net
vkuserlive.com
vkuserlive.net
vkuservideo.com
vkuservideo.net
vkworkspace.kz
vmailru.net
