alefbank.com
alfa.me
alfabank.ru
alfabank.st
atomyze.tech
bank131.com
best2pay.net
cups.online
dbo-dengi.online
gazprombank.com
gazprombank.investments
gazprombank.tech
investalfabank.com
korona.com
koshelek.app
moex.com
netmonet.co
paywb.com
pvubank.com
rbsgate.com
rbsuat.com
reso.ru
robokassa.com
rosbank-credit.com
ru.ccb.com
sberbank.ru
sistema-capital.com
t-finance.group
t-tech.dev
t-tech.team
t.finance
tbank-online.com
tbank.ru
tinkoff-group.com
tinkoff.ai
tinkoffmobile.com
tochka-tech.com
tochka.com
tvoyodbo.online
ubs.com
vtb-direct.com
vtb.ru
vtbglobalperspectives.com
