5post.market
alicdn.com
aliexpress.com
artel.watch
arteldoc.com
arteldoc.tv
avito.st
avito.tech
baranky.com
cdek.global
cdek.shopping
chipcore.com
chizhik.club
cian.site
cian.tech
cm.expert
corp.express
drobbox.pro
eldorado.tech
emex.ru
fix-price.com
flowwow-images.com
flowwow.com
lemanapro.ru
lenta.com
lenta.tech
leroymerlin.ru
lmru.tech
magnit.com
megamarket.tech
oskelly.co
ostin.com
ozon.app
ozon.com
ozon.com.kz
ozon.dev
ozon.express
ozon.global
ozon.kz
ozon.li
ozon.market
ozon.ru
ozon.tech
ozon.tm
ozon.travel
ozon.uz
ozoncamp.pro
ozonglobalevents.com
ozonru.co.il
ozonru.com
ozonru.eu
ozonru.me
ozonusercontent.com
perekrestok.com
poudobnee.com
public.express
samokat.tech
sokolov.io
tehnodom.com
wb.am
wb.kg
wb.kz
wb.uz
wbcontent.net
wbstatic.net
wibes.com
wildberries.am
wildberries.co.il
wildberries.es
wildberries.eu
wildberries.ge
wildberries.kg
wildberries.kz
wildberries.lt
wildberries.pl
wildberries.tj
wildberries.tm
wildberries.uz
x5.ai
x5.com
x5.digital
x5.group
x5.media
x5.team
x5.tech
x5static.net
youla.io
