1018213540.rsc.cdn77.org
beget.com
bizmrg.com
cdnvideohub.com
cloudru.cn
clstorage.net
datacloudmy.com
ddos-guard.net
gcdn.co
gcore.lu
haicomdc.com
kinescopecdn.net
ngenix.net
qrator.net
reg.cloud
reg.com
restream-media.net
ruvds.com
selcdn.net
selectel.academy
selectel.blog
selectel.com
selectel.dev
selectel.info
selectel.io
selectel.live
servercore.com
servercore.live
servicepipe.tech
srv-hub.org
static-storage.net
stormwall.pro
t1.cloud
tilda.cc
tilda.ws
tildaapi.com
tildacdn.com
tildacdn.net
timeweb.cloud
timeweb.com
trbcdn.net
ucoz.ae
ucoz.club
ucoz.co
ucoz.co.il
ucoz.co.uk
ucoz.com
ucoz.com.br
ucoz.com.ro
ucoz.de
ucoz.es
ucoz.fr
ucoz.hu
ucoz.kz
ucoz.lv
ucoz.md
ucoz.net
ucoz.org
ucoz.pl
ucoz.site
ucozmail.com
ucozmedia.com
ucoztemplates.com
ukit.ai
ukit.com
ukit.group
ukit.me
vscale.blog
vscale.io
warehouse.domains
