antiphishing.nl
avast.com
avg.com
bi.zone
cert-gib.com
comss.club
comss.info
comss.me
comss.net
comss.news
comss.one
comss.online
comss.org
cybercrimecon.com
drweb-av.de
drweb-av.es
drweb-av.it
drweb-av.pl
drweb.cn
drweb.co.jp
drweb.com
drweb.fr
drweb.kz
drweb.uz
f6.dev
f6.security
facct.email
g-ib.ae
g-ib.sg
g-ib.us
gib-global.com
gib.sg
gibdev.net
group-ib.ae
group-ib.co.uk
group-ib.com
group-ib.de
group-ib.eu
group-ib.sg
group-ib.us
groupib.ae
groupib.sg
groupib.us
ideco.dev
kaspersky-labs.com
kaspersky.be
kaspersky.ca
kaspersky.co.in
kaspersky.co.jp
kaspersky.co.kr
kaspersky.co.th
kaspersky.co.uk
kaspersky.co.za
kaspersky.com
kaspersky.com.au
kaspersky.com.br
kaspersky.com.cn
kaspersky.com.hk
kaspersky.com.pl
kaspersky.com.tr
kaspersky.com.tw
kaspersky.com.vn
kaspersky.cz
kaspersky.de
kaspersky.dk
kaspersky.dz
kaspersky.es
kaspersky.fi
kaspersky.fr
kaspersky.gr
kaspersky.it
kaspersky.kz
kaspersky.ma
kaspersky.my
kaspersky.nl
kaspersky.pt
kaspersky.ro
kaspersky.rs
kaspersky.se
kasperskycontenthub.com
ptsecurity.com
reaviz.com
safeliner.tech
seclab.lat
securelist.com
standoff365.com
