1917live.red
actualidad-rt.com
baltnews.com
baltnews.lt
book1917.live
de-rt.com
de-rt.org
de-rtnews.com
de-rtnews.net
dert.online
dert.site
dert.tech
eadaily.com
eadaily.info
eadaily.net
eadaily.org
es-rt.com
esrt.online
esrt.press
esrt.site
esrt.space
esrt.tech
esrt.website
evrasia.rest
freeassange.tech
freede.tech
freedert.online
gazetarussa.com.br
greywallpass.com
gw2ru.com
interfax.com
jinrieluosi.cn
mfa.center
mir24.tv
noticias-rt.com
notimundo.press
premiumlive.site
rbth.com
ren.tv
romanovs100.com
rossiyasegodnya.com
rt-school.online
rt.com
rt.rs
rtarabic.com
rtarabic.net
rtarabic.org
rtbrasil.com
rtbrasil.info
rtde.agency
rtde.expert
rtde.express
rtde.info
rtde.life
rtde.live
rtde.me
rtde.media
rtde.online
rtde.org
rtde.press
rtde.site
rtde.team
rtde.tech
rtde.website
rtde.world
rtde.xyz
rtdefree.info
rtdefree.me
rtdefree.online
rtdefree.tech
rtdoc.tv
rtdocumentary.online
rteam.dev
rteam.tech
rtenafrique.tv
rtenfrancais.tv
rtenfrance.tv
rtespanol.com
rtfrance.tv
rtnewsde.com
rtnewsde.online
rtnewsde.pro
rtnewsde.site
rtnewsde.tech
rtnewsru.com
rtrunews.com
rttv.com
runewsrt.com
ruptly.agency
ruptly.tv
ruptly.video
rurtnews.com
russiabeyond.com
russiaislove.com
russiatoday.com
russiatoday.net
russiatoday.tv
russieactuelle.fr
shop-rt.com
slavicstar.com
sn-esp.site
sputnikglobe.com
sputnikimages.com
sputnikmediabank.com
sputniknews.com
swentr.site
tak-pravilno.com
tass.com
vgtrk.com
watchingthehawks.com
worldcuprussia.com
