24h.tv
acmvid.com
boosty.to
donationalerts.com
dzvr.ru
foto-planeta.com
gismeteo.com
gismeteo.net
gismeteo.st
graphql.kinopoisk.ru
green-box-tv.com
ivi.ru
ivicdn.tv
kinopoisk.ru
kinorium.com
kion.ru
litres.com
mel.fm
memealerts.com
meteofor.com
meteofor.st
more.tv
movika.com
mybook.io
okko.sport
okko.tv
okkoapi.tv
premier.one
promodj.com
ruhub.tv
rutube.ru
rutube.sport
smotreshka.tv
smotrim.ru
start.ru
tok.media
twitch.tv
uma.media
vimeo.com
vimu.tv
viqeo.tv
viqeotv.com
wink.am
wink.ru
zaycev.net
zvuk-b2b.com
zvuk.com
