101xp.com
4game.com
albiononline.com
arenabreakoutinfinite.com
arknights.global
axlebolt.com
battlestate.com
bh3.com
bk6bba-resources.com
cognosphere.com
crossout.net
dev-my.games
enlisted.net
epicevents.gg
escapefromtarkov.com
esforce.com
facepunch.com
factorio.com
funpay.com
gaijin.net
gaijinent.com
garena.com
gtarcade.com
honkaiimpact3.com
hoyolab.com
hoyoplay.com
hoyoverse.com
igg.com
innersloth.com
king.com
knightspeak.com
krafton.com
kurogame.com
kurogames.com
lesta.games
lilithgames.com
mihoyo.com
miniclip.com
mobilelegends.com
moonton.com
mundfish.com
my.games
mytona.com
nekki.com
netease.com
pixonic.com
playrix.com
ppy.sh
prod-my.games
pubg.com
pubgmobile.com
sfunpay.com
standoff2.com
tarisland.com
terraria.org
unity.com
unity3d.com
vkplay.live
warface.com
wargaming.net
warthunder.com
worldoftanks.com
worldofwarplanes.com
worldofwarships.com
wotblitz.com
yostar.com
yuanshen.com
zenlesszonezero.com
zeptolab.com
