1cfresh.com
4epenaxa.com
adsadvisor.io
ahilesva.info
aodahl.com
apptrackpets.com
asiangooglenetwork.com
attachmy.com
bitrix.info
bitrix24.com
botmechanic.io
cabconnect.org
callbackkiller.com
carrot-mail.io
carrotquest-mail.io
carrotquest.app
carrotquest.io
carrottrack.app
cbkiller.com
copymonkey.app
counter.yadro.ru
dahlmessenger.com
dashly.app
dashly.help
dashly.io
dashly.me
dashlytrack.app
domains.google.com
durovscode.com
edna.io
eligens.cl
eligens.com.br
eligens.io
envybox.company
envybox.family
envybox.io
envybox.kg
envycdp.com
envycrm.com
etna.ai
ewisdom.us.kg
express.ms
flocktory.com
flomni.com
gerwin.io
getsynapse.io
giga.chat
goup.ai
hh.kg
hh.kz
hh.uz
hva.im
it-territory.com
jivo.chat
jivochat.co.in
jivochat.co.za
jivochat.com
jivochat.com.br
jivochat.com.co
jivochat.com.pe
jivochat.com.tr
jivochat.de
jivochat.es
jivochat.ng
jivosite.com
justveryok.com
keyboardmen.com
khangar.net
kontur-inc.com
kontur.host
ktech.team
lovina.app
mail-carrotquest.io
mindbox.cloud
mindbox.group
mindbox.site
mindbox.so
mp.world
mvideo.edna.io
myoffice.team
mytrk.link
neon.click
netcraze.club
netcraze.link
netcraze.pro
ognihome.com
okolo.app
polza.ai
popmechanic.io
prodcontest.com
pushgrow.io
pyrus.com
rabbitcounter.com
randomgodbot.com
retailrocket.net
robotext.io
roistat.com
rugpt.io
rwbautomation.tech
saas-support.com
sage-observability.tech
slc.tl
sys.refocus.ru
tamtam.chat
targetads.io
telega.info
telega.me
tips.tips
tokenator.top
uni.rest
unidraw.io
unirest.tech
unisender.com
usocial.pro
wbautomation.tech
wbwh.tech
whitesaas.com
xlnk.ms
yclients.com
yourgood.app
