2ip.io
browserleaks.com
checkip.amazonaws.com
checkip.dyndns.org
checkip.synology.com
db-ip.com
dnsleaktest.com
eth0.me
freeipapi.com
geojs.io
httpbin.org
icanhazip.com
ident.me
ifconfig.co
ifconfig.io
ifconfig.me
ip-api.com
ip-lookup.net
ip.guide
ip.me
ip.sb
ip.taobao.com
ip2location.com
ip4.me
ip6.me
ipaddress.my
ipapi.co
ipapi.is
ipbase.com
ipchicken.com
ipconfig.io
ipdata.co
ipecho.net
ipgeolocation.io
ipify.org
ipinfo.io
ipleak.net
iplocation.net
ipregistry.co
ipstack.com
ipv6-test.com
ipwho.is
ipwhois.app
msftconnecttest.com
msftncsi.com
myip.com
myip.wtf
ooklaserver.net
showip.net
showmyip.com
speed.cloudflare.com
speedtest.net
suip.biz
test-ipv6.com
whatismyip.akamai.com
whatismyip.com
whatismyipaddress.com
whoer.net
whois.pconline.com.cn
wtfismyip.com
